------------------------------------------------------------
TimeQuest Timing Analyzer Summary
------------------------------------------------------------

Type  : Slow 1200mV 85C Model Setup 'clk'
Slack : 6.152
TNS   : 0.000

Type  : Slow 1200mV 85C Model Hold 'clk'
Slack : 0.440
TNS   : 0.000

Type  : Slow 1200mV 85C Model Recovery 'clk'
Slack : 7.276
TNS   : 0.000

Type  : Slow 1200mV 85C Model Removal 'clk'
Slack : 1.924
TNS   : 0.000

Type  : Slow 1200mV 85C Model Minimum Pulse Width 'clk'
Slack : 9.766
TNS   : 0.000

Type  : Slow 1200mV 0C Model Setup 'clk'
Slack : 6.736
TNS   : 0.000

Type  : Slow 1200mV 0C Model Hold 'clk'
Slack : 0.387
TNS   : 0.000

Type  : Slow 1200mV 0C Model Recovery 'clk'
Slack : 7.748
TNS   : 0.000

Type  : Slow 1200mV 0C Model Removal 'clk'
Slack : 1.595
TNS   : 0.000

Type  : Slow 1200mV 0C Model Minimum Pulse Width 'clk'
Slack : 9.765
TNS   : 0.000

Type  : Fast 1200mV 0C Model Setup 'clk'
Slack : 7.578
TNS   : 0.000

Type  : Fast 1200mV 0C Model Hold 'clk'
Slack : 0.201
TNS   : 0.000

Type  : Fast 1200mV 0C Model Recovery 'clk'
Slack : 8.131
TNS   : 0.000

Type  : Fast 1200mV 0C Model Removal 'clk'
Slack : 1.076
TNS   : 0.000

Type  : Fast 1200mV 0C Model Minimum Pulse Width 'clk'
Slack : 9.387
TNS   : 0.000

------------------------------------------------------------
